// Jest Snapshot v1, https://goo.gl/fbAQLP

exports[`App component snapshot test 1`] = `
<div>
  <p>
    Notes
  </p>
  <NoteList
    notes={
      Array [
        "One",
        "Two",
        "Three",
      ]
    }
  />
  <Form
    onSubmit={[Function]}
  />
</div>
`;
