// Jest Snapshot v1, https://goo.gl/fbAQLP

exports[`Form component snapshot test 1`] = `
<form
  onSubmit={[Function]}
>
  <input
    onChange={[Function]}
    type="text"
    value=""
  />
  <button>
    Add note
  </button>
</form>
`;
