// Jest Snapshot v1, https://goo.gl/fbAQLP

exports[`NoteList should display a list item for each note 1`] = `
<ul>
  <li
    key="0"
  >
    One
  </li>
  <li
    key="1"
  >
    Two
  </li>
  <li
    key="2"
  >
    Three
  </li>
</ul>
`;
